V3 3
FL C:/.Xilinx/Medical/PressingMachine/PressingMachine.vhd 2014/12/23.16:55:41 P.15xf
EN work/PressingMachine 1419382571 \
      FL C:/.Xilinx/Medical/PressingMachine/PressingMachine.vhd \
      PB ieee/std_logic_1164 1335251622
AR work/PressingMachine/Behavioral 1419382572 \
      FL C:/.Xilinx/Medical/PressingMachine/PressingMachine.vhd \
      EN work/PressingMachine 1419382571
